{"logTime": "0524/194121", "correlationVector":"adolsLUEIGPT/fG1tWdmeC.1","action":"SyncServerConnectionManagerRequest", "result":"SYNC_SERVER_OK", "context":{"environment":"Prod_germanywestcentral_prod-s01-010-eur-germanywestcentral", "migrationStage":"NotStarted", "server":"akswtt00200000g"}}
{"logTime": "0524/194121", "correlationVector":"adolsLUEIGPT/fG1tWdmeC.2","action":"ProcessGetUpdates", "result":"Done", "context":{"dataType":"Encryption Keys", "deleted":"0", "process_failed_to_decrypt":"0", "process_pending_decryption":"0", "process_success":"1", "total":"1"}}
{"logTime": "0524/194121", "correlationVector":"36t37+K76UZs4IxNzjPosb","action":"SyncServerConnectionManagerRequest", "result":"SYNC_SERVER_OK", "context":{"environment":"", "migrationStage":"", "server":""}}
{"logTime": "0524/194121", "correlationVector":"36t37+K76UZs4IxNzjPosb.0","action":"EncryptionKeysFetcher.DownloadKeys:", "result":"Success", "context":Key count: 5, Last key timestamp: 2025-12-19T20:51:02Z}
{"logTime": "0524/194121", "correlationVector":"36t37+K76UZs4IxNzjPosb.1","action":"EncryptionKeysManager::SetEncryptionKeys:", "result":"Success", "context":Key names[5]:[JzXSw2wy9bEu5zeFcYHcjdu3J+TG0XsumeyhEFI2n/f1iqEgtxyW3LVExyr5smdQPCHLFFlllcPF9LPsuILelg==][rh01GkAeWzqJISZllh69G+ip4mAhXB9BU/XN79nFF3DJPVipzdZoLn0710PIr1zUkxnkx6jaoT9zFbunW66qvw==][d+duIp0edHSh4NrPeXAPnrrdSTm7esqbAdpJ/z0nTTFngFo88QFYgRiqVNb5pBea64eTPDZbEGNp/lZtW0eneg==][nxeamRTa0mbs3l+thq+8jXY4ZdWBMEluY1Z05qXowtlLQ3BszTzMMWIx+X9UgsptDwIP8rAtYyHJItJWw6Rp4g==][MU6ihdMuiXycvSESYhRYRbBUMJjWyLMQsjHxlfn9FALk4+0+nUYe6i9t/J0W1xTgGGc3JRdjrzW5Y/M8kEU9GQ==]}
{"logTime": "0524/194121", "correlationVector":"36t37+K76UZs4IxNzjPosb.2","action":"EncryptionKeysManager::SetEncryptionKeysWithTimestamps:", "result":"Success", "context":Key timestamps[5]:[2023-08-22T19:50:21Z][2024-02-27T20:02:29Z][2024-08-20T19:03:05Z][2025-02-17T20:19:10Z][2025-12-19T20:51:02Z]}
{"logTime": "0524/194121", "correlationVector":"adolsLUEIGPT/fG1tWdmeC","action":"Initial GetUpdates", "result":"", "context":Reason: NEW_CLIENT. cV=adolsLUEIGPT/fG1tWdmeC}
{"logTime": "0524/194121", "correlationVector":"adolsLUEIGPT/fG1tWdmeC.3","action":"GetUpdates Response", "result":"Success", "context":Received 1 update(s). cV=adolsLUEIGPT/fG1tWdmeC.0;server=akswtt00200000g;cloudType=Consumer;environment=Prod_germanywestcentral_prod-s01-010-eur-germanywestcentral;migrationStage=NotStarted}
{"logTime": "0524/194121", "correlationVector":"Vj7/9a7t4qY0x5mu37XweG","action":"Initial GetUpdates", "result":"", "context":Reason: NEWLY_SUPPORTED_DATATYPE. cV=Vj7/9a7t4qY0x5mu37XweG}
{"logTime": "0524/194121", "correlationVector":"Vj7/9a7t4qY0x5mu37XweG.1","action":"SyncServerConnectionManagerRequest", "result":"SYNC_SERVER_OK", "context":{"environment":"Prod_germanywestcentral_prod-s01-010-eur-germanywestcentral", "migrationStage":"NotStarted", "server":"akswtt002000009"}}
{"logTime": "0524/194121", "correlationVector":"Vj7/9a7t4qY0x5mu37XweG.2","action":"ProcessGetUpdates", "result":"Done", "context":{"dataType":"Preferences", "deleted":"0", "process_failed_to_decrypt":"0", "process_pending_decryption":"0", "process_success":"63", "total":"63"}}
{"logTime": "0524/194121", "correlationVector":"Vj7/9a7t4qY0x5mu37XweG.3","action":"ProcessGetUpdates", "result":"Done", "context":{"dataType":"Passwords", "deleted":"0", "process_failed_to_decrypt":"0", "process_pending_decryption":"0", "process_success":"6", "total":"6"}}
{"logTime": "0524/194121", "correlationVector":"Vj7/9a7t4qY0x5mu37XweG.4","action":"ProcessGetUpdates", "result":"Done", "context":{"dataType":"Device Info", "deleted":"0", "process_failed_to_decrypt":"0", "process_pending_decryption":"0", "process_success":"13", "total":"13"}}
{"logTime": "0524/194121", "correlationVector":"Vj7/9a7t4qY0x5mu37XweG.5","action":"GetUpdates Response", "result":"Success", "context":Received 82 update(s). cV=Vj7/9a7t4qY0x5mu37XweG.0;server=akswtt002000009;cloudType=Consumer;environment=Prod_germanywestcentral_prod-s01-010-eur-germanywestcentral;migrationStage=NotStarted}
{"logTime": "0524/194121", "correlationVector":"MpnEz4se/pHzy8Yxtq27gW","action":"Initial GetUpdates", "result":"", "context":Reason: NEWLY_SUPPORTED_DATATYPE. cV=MpnEz4se/pHzy8Yxtq27gW}
{"logTime": "0524/194121", "correlationVector":"MpnEz4se/pHzy8Yxtq27gW.1","action":"SyncServerConnectionManagerRequest", "result":"SYNC_SERVER_OK", "context":{"environment":"Prod_germanywestcentral_prod-s01-010-eur-germanywestcentral", "migrationStage":"NotStarted", "server":"akswtt00200000c"}}
{"logTime": "0524/194121", "correlationVector":"MpnEz4se/pHzy8Yxtq27gW.2","action":"ProcessGetUpdates", "result":"Done", "context":{"dataType":"Bookmarks", "deleted":"0", "process_failed_to_decrypt":"0", "process_pending_decryption":"0", "process_success":"6", "total":"6"}}
{"logTime": "0524/194121", "correlationVector":"MpnEz4se/pHzy8Yxtq27gW.3","action":"GetUpdates Response", "result":"Success", "context":Received 6 update(s). cV=MpnEz4se/pHzy8Yxtq27gW.0;server=akswtt00200000c;cloudType=Consumer;environment=Prod_germanywestcentral_prod-s01-010-eur-germanywestcentral;migrationStage=NotStarted}
{"logTime": "0524/194121", "correlationVector":"3TJrO3SpMXKq9z8JkIbj4y","action":"Initial GetUpdates", "result":"", "context":Reason: NEWLY_SUPPORTED_DATATYPE. cV=3TJrO3SpMXKq9z8JkIbj4y}
{"logTime": "0524/194122", "correlationVector":"3TJrO3SpMXKq9z8JkIbj4y.1","action":"SyncServerConnectionManagerRequest", "result":"SYNC_SERVER_OK", "context":{"environment":"Prod_germanywestcentral_prod-s01-010-eur-germanywestcentral", "migrationStage":"NotStarted", "server":"akswtt00200000j"}}
{"logTime": "0524/194122", "correlationVector":"3TJrO3SpMXKq9z8JkIbj4y.2","action":"ProcessGetUpdates", "result":"Done", "context":{"dataType":"Autofill Profiles", "deleted":"1", "process_failed_to_decrypt":"0", "process_pending_decryption":"0", "process_success":"2", "total":"2"}}
{"logTime": "0524/194122", "correlationVector":"3TJrO3SpMXKq9z8JkIbj4y.3","action":"ProcessGetUpdates", "result":"Done", "context":{"dataType":"Autofill", "deleted":"0", "process_failed_to_decrypt":"0", "process_pending_decryption":"0", "process_success":"1", "total":"1"}}
{"logTime": "0524/194122", "correlationVector":"3TJrO3SpMXKq9z8JkIbj4y.4","action":"ProcessGetUpdates", "result":"Done", "context":{"dataType":"Sessions", "deleted":"45", "process_failed_to_decrypt":"0", "process_pending_decryption":"0", "process_success":"78", "total":"78"}}
{"logTime": "0524/194122", "correlationVector":"3TJrO3SpMXKq9z8JkIbj4y.5","action":"ProcessGetUpdates", "result":"Done", "context":{"dataType":"Edge Hub App Usage", "deleted":"0", "process_failed_to_decrypt":"0", "process_pending_decryption":"0", "process_success":"1", "total":"1"}}
{"logTime": "0524/194122", "correlationVector":"3TJrO3SpMXKq9z8JkIbj4y.6","action":"GetUpdates Response", "result":"Success", "context":Received 82 update(s). cV=3TJrO3SpMXKq9z8JkIbj4y.0;server=akswtt00200000j;cloudType=Consumer;environment=Prod_germanywestcentral_prod-s01-010-eur-germanywestcentral;migrationStage=NotStarted}
{"logTime": "0524/194122", "correlationVector":"j/03rF/h+0ydlWyyyJBVI7","action":"Initial GetUpdates", "result":"", "context":Reason: NEWLY_SUPPORTED_DATATYPE. cV=j/03rF/h+0ydlWyyyJBVI7}
{"logTime": "0524/194122", "correlationVector":"j/03rF/h+0ydlWyyyJBVI7.1","action":"SyncServerConnectionManagerRequest", "result":"SYNC_SERVER_OK", "context":{"environment":"Prod_germanywestcentral_prod-s01-010-eur-germanywestcentral", "migrationStage":"NotStarted", "server":"akswtt002000000"}}
{"logTime": "0524/194122", "correlationVector":"j/03rF/h+0ydlWyyyJBVI7.2","action":"ProcessGetUpdates", "result":"Done", "context":{"dataType":"History", "deleted":"0", "process_failed_to_decrypt":"0", "process_pending_decryption":"0", "process_success":"102", "total":"102"}}
{"logTime": "0524/194122", "correlationVector":"j/03rF/h+0ydlWyyyJBVI7.3","action":"GetUpdates Response", "result":"Success", "context":Received 102 update(s). cV=j/03rF/h+0ydlWyyyJBVI7.0;server=akswtt002000000;cloudType=Consumer;environment=Prod_germanywestcentral_prod-s01-010-eur-germanywestcentral;migrationStage=NotStarted}
{"logTime": "0524/194122", "correlationVector":"LzwmNWFBYilzq/fnhE3fP4","action":"Normal GetUpdate request", "result":"", "context":cV=LzwmNWFBYilzq/fnhE3fP4
Nudged types: Sessions, Device Info, User Consents
Refresh requested types: Bookmarks, Preferences, Passwords, Autofill Profiles, Autofill, Extensions, Sessions, Extension settings, History Delete Directives, Device Info, User Consents, Send Tab To Self, Web Apps, History, Saved Tab Group, WebAuthn Credentials, Collection, Edge E Drop, Edge Hub App Usage, Edge Wallet, Edge Workspace, Encryption Keys}
{"logTime": "0524/194122", "correlationVector":"LzwmNWFBYilzq/fnhE3fP4.1","action":"SyncServerConnectionManagerRequest", "result":"SYNC_SERVER_OK", "context":{"environment":"Prod_germanywestcentral_prod-s01-010-eur-germanywestcentral", "migrationStage":"NotStarted", "server":"akswtt00200000j"}}
{"logTime": "0524/194122", "correlationVector":"LzwmNWFBYilzq/fnhE3fP4.2","action":"GetUpdates Response", "result":"Success", "context":Received 0 update(s). cV=LzwmNWFBYilzq/fnhE3fP4.0;server=akswtt00200000j;cloudType=Consumer;environment=Prod_germanywestcentral_prod-s01-010-eur-germanywestcentral;migrationStage=NotStarted}
{"logTime": "0524/194122", "correlationVector":"sXGHVnzIk+C3+ZnnE0uOV4","action":"DoCompareDataConsistency requsted types: ", "result":"Bookmarks, Preferences, Passwords, Extensions, Extension settings, History Delete Directives, Send Tab To Self, Web Apps, History, Saved Tab Group, WebAuthn Credentials, Collection, Edge E Drop, Edge Wallet, Edge Workspace, Encryption Keys"}
{"logTime": "0524/194122", "correlationVector":"sXGHVnzIk+C3+ZnnE0uOV4.0","action":"CompareDataConsistency result: ", "result":"Compare result: Encryption Keys is consistent. local entities count is: 1 local entities hash is: UDonwaZrF34zKwbNN/1rhBvST1M="}
{"logTime": "0524/194122", "correlationVector":"sXGHVnzIk+C3+ZnnE0uOV4.1","action":"CompareDataConsistency result: ", "result":"Compare result: Bookmarks is consistent. local entities count is: 0 local entities hash is: "}
{"logTime": "0524/194122", "correlationVector":"sXGHVnzIk+C3+ZnnE0uOV4.2","action":"CompareDataConsistency result: ", "result":"Compare result: Preferences is consistent. local entities count is: 63 local entities hash is: w3Mfim4uWImGAF1K+k1B/YLuJ48="}
{"logTime": "0524/194122", "correlationVector":"sXGHVnzIk+C3+ZnnE0uOV4.3","action":"CompareDataConsistency result: ", "result":"Compare result: Extensions is consistent. local entities count is: 0 local entities hash is: "}
{"logTime": "0524/194122", "correlationVector":"sXGHVnzIk+C3+ZnnE0uOV4.4","action":"CompareDataConsistency result: ", "result":"Compare result: Extension settings is consistent. local entities count is: 0 local entities hash is: "}
{"logTime": "0524/194122", "correlationVector":"sXGHVnzIk+C3+ZnnE0uOV4.5","action":"CompareDataConsistency result: ", "result":"Compare result: History Delete Directives is consistent. local entities count is: 0 local entities hash is: "}
{"logTime": "0524/194122", "correlationVector":"sXGHVnzIk+C3+ZnnE0uOV4.6","action":"CompareDataConsistency result: ", "result":"Server did not send this Send Tab To Self local entities count is: 0 local entities hash is: "}
{"logTime": "0524/194122", "correlationVector":"sXGHVnzIk+C3+ZnnE0uOV4.7","action":"CompareDataConsistency result: ", "result":"Compare result: Web Apps is consistent. local entities count is: 0 local entities hash is: "}
{"logTime": "0524/194122", "correlationVector":"sXGHVnzIk+C3+ZnnE0uOV4.8","action":"CompareDataConsistency result: ", "result":"Server did not send this History local entities count is: 0 local entities hash is: "}
{"logTime": "0524/194122", "correlationVector":"sXGHVnzIk+C3+ZnnE0uOV4.9","action":"CompareDataConsistency result: ", "result":"Compare result: Saved Tab Group is consistent. local entities count is: 0 local entities hash is: "}
{"logTime": "0524/194122", "correlationVector":"sXGHVnzIk+C3+ZnnE0uOV4.10","action":"CompareDataConsistency result: ", "result":"Server did not send this WebAuthn Credentials local entities count is: 0 local entities hash is: "}
{"logTime": "0524/194122", "correlationVector":"sXGHVnzIk+C3+ZnnE0uOV4.11","action":"CompareDataConsistency result: ", "result":"Compare result: Collection is consistent. local entities count is: 0 local entities hash is: "}
{"logTime": "0524/194122", "correlationVector":"sXGHVnzIk+C3+ZnnE0uOV4.12","action":"CompareDataConsistency result: ", "result":"Compare result: Edge E Drop is consistent. local entities count is: 0 local entities hash is: "}
{"logTime": "0524/194122", "correlationVector":"sXGHVnzIk+C3+ZnnE0uOV4.13","action":"CompareDataConsistency result: ", "result":"Compare result: Edge Wallet is consistent. local entities count is: 0 local entities hash is: "}
{"logTime": "0524/194122", "correlationVector":"sXGHVnzIk+C3+ZnnE0uOV4.14","action":"CompareDataConsistency result: ", "result":"Server did not send this Edge Workspace local entities count is: 0 local entities hash is: "}
{"logTime": "0524/194122", "correlationVector":"sXGHVnzIk+C3+ZnnE0uOV4.15","action":"CompareDataConsistency result: ", "result":"Compare result: Passwords is consistent. local entities count is: 6 local entities hash is: rnU8usz0LYaCo0Gw6JpoZeqgW+Q="}
{"logTime": "0524/194122", "correlationVector":"JXLwC5OOTv8usyLxAkNkEY","action":"Commit Request", "result":"", "context":Item count: 4
Contributing types: Sessions, Device Info, User Consents}
{"logTime": "0524/194123", "correlationVector":"JXLwC5OOTv8usyLxAkNkEY.1","action":"SyncServerConnectionManagerRequest", "result":"SYNC_SERVER_OK", "context":{"environment":"Prod_germanywestcentral_prod-s01-010-eur-germanywestcentral", "migrationStage":"NotStarted", "server":"akswtt00200000j"}}
{"logTime": "0524/194123", "correlationVector":"JXLwC5OOTv8usyLxAkNkEY.2","action":"Commit Response", "result":"Success", "context":Result: Success. cV=JXLwC5OOTv8usyLxAkNkEY.0;server=akswtt00200000j;cloudType=Consumer;environment=Prod_germanywestcentral_prod-s01-010-eur-germanywestcentral;migrationStage=NotStarted}
{"logTime": "0524/194123", "correlationVector":"","action":"DIAGNOSTIC_REQUEST|v1/diagnosticData/Diagnostic.SendCheckResult()|SUCCESS", "result":""}
{"logTime": "0524/194123", "correlationVector":"nE1H5wBS34k58Iyn5HQR5m","action":"Commit Request", "result":"", "context":Item count: 1
Contributing types: Edge Hub App Usage}
{"logTime": "0524/194123", "correlationVector":"nE1H5wBS34k58Iyn5HQR5m.1","action":"SyncServerConnectionManagerRequest", "result":"SYNC_SERVER_OK", "context":{"environment":"Prod_germanywestcentral_prod-s01-010-eur-germanywestcentral", "migrationStage":"NotStarted", "server":"akswtt002000006"}}
{"logTime": "0524/194123", "correlationVector":"nE1H5wBS34k58Iyn5HQR5m.2","action":"Commit Response", "result":"Success", "context":Result: Success. cV=nE1H5wBS34k58Iyn5HQR5m.0;server=akswtt002000006;cloudType=Consumer;environment=Prod_germanywestcentral_prod-s01-010-eur-germanywestcentral;migrationStage=NotStarted}
{"logTime": "0524/194218", "correlationVector":"diwfBYDOYF2Aeas6KbJxLu","action":"Commit Request", "result":"", "context":Item count: 6
Contributing types: Passwords, Sessions, History}
{"logTime": "0524/194219", "correlationVector":"diwfBYDOYF2Aeas6KbJxLu.1","action":"SyncServerConnectionManagerRequest", "result":"SYNC_SERVER_OK", "context":{"environment":"Prod_germanywestcentral_prod-s01-010-eur-germanywestcentral", "migrationStage":"NotStarted", "server":"akswtt002000006"}}
{"logTime": "0524/194219", "correlationVector":"diwfBYDOYF2Aeas6KbJxLu.2","action":"Commit Response", "result":"Success", "context":Result: Success. cV=diwfBYDOYF2Aeas6KbJxLu.0;server=akswtt002000006;cloudType=Consumer;environment=Prod_germanywestcentral_prod-s01-010-eur-germanywestcentral;migrationStage=NotStarted}
{"logTime": "0524/194849", "correlationVector":"i/p9MGyx2Z1QfQHVUn76Au","action":"Commit Request", "result":"", "context":Item count: 1
Contributing types: Sessions}
{"logTime": "0524/194849", "correlationVector":"i/p9MGyx2Z1QfQHVUn76Au.1","action":"SyncServerConnectionManagerRequest", "result":"SYNC_SERVER_OK", "context":{"environment":"Prod_germanywestcentral_prod-s01-010-eur-germanywestcentral", "migrationStage":"NotStarted", "server":"akswtt00200000j"}}
{"logTime": "0524/194849", "correlationVector":"i/p9MGyx2Z1QfQHVUn76Au.2","action":"Commit Response", "result":"Success", "context":Result: Success. cV=i/p9MGyx2Z1QfQHVUn76Au.0;server=akswtt00200000j;cloudType=Consumer;environment=Prod_germanywestcentral_prod-s01-010-eur-germanywestcentral;migrationStage=NotStarted}
{"logTime": "0524/195006", "correlationVector":"BU59IBW9Yt9pF43X/yy3n3","action":"Normal GetUpdate request", "result":"", "context":cV=BU59IBW9Yt9pF43X/yy3n3
Notified types: Preferences, Device Info, History}
{"logTime": "0524/195007", "correlationVector":"BU59IBW9Yt9pF43X/yy3n3.1","action":"SyncServerConnectionManagerRequest", "result":"SYNC_SERVER_OK", "context":{"environment":"Prod_germanywestcentral_prod-s01-010-eur-germanywestcentral", "migrationStage":"NotStarted", "server":"akswtt002000009"}}
{"logTime": "0524/195007", "correlationVector":"BU59IBW9Yt9pF43X/yy3n3.2","action":"ProcessGetUpdates", "result":"Done", "context":{"dataType":"Preferences", "deleted":"0", "process_failed_to_decrypt":"0", "process_pending_decryption":"0", "process_success":"1", "total":"1"}}
{"logTime": "0524/195007", "correlationVector":"BU59IBW9Yt9pF43X/yy3n3.3","action":"ProcessGetUpdates", "result":"Done", "context":{"dataType":"Passwords", "deleted":"0", "process_failed_to_decrypt":"0", "process_pending_decryption":"0", "process_success":"4", "total":"4"}}
{"logTime": "0524/195007", "correlationVector":"BU59IBW9Yt9pF43X/yy3n3.4","action":"ProcessGetUpdates", "result":"Done", "context":{"dataType":"Sessions", "deleted":"0", "process_failed_to_decrypt":"0", "process_pending_decryption":"0", "process_success":"4", "total":"4"}}
{"logTime": "0524/195007", "correlationVector":"BU59IBW9Yt9pF43X/yy3n3.5","action":"ProcessGetUpdates", "result":"Done", "context":{"dataType":"Device Info", "deleted":"0", "process_failed_to_decrypt":"0", "process_pending_decryption":"0", "process_success":"2", "total":"2"}}
{"logTime": "0524/195007", "correlationVector":"BU59IBW9Yt9pF43X/yy3n3.6","action":"ProcessGetUpdates", "result":"Done", "context":{"dataType":"History", "deleted":"0", "process_failed_to_decrypt":"0", "process_pending_decryption":"0", "process_success":"2", "total":"2"}}
{"logTime": "0524/195007", "correlationVector":"BU59IBW9Yt9pF43X/yy3n3.7","action":"ProcessGetUpdates", "result":"Done", "context":{"dataType":"Edge Hub App Usage", "deleted":"0", "process_failed_to_decrypt":"0", "process_pending_decryption":"0", "process_success":"1", "total":"1"}}
{"logTime": "0524/195007", "correlationVector":"BU59IBW9Yt9pF43X/yy3n3.8","action":"GetUpdates Response", "result":"Success", "context":Received 14 update(s). cV=BU59IBW9Yt9pF43X/yy3n3.0;server=akswtt002000009;cloudType=Consumer;environment=Prod_germanywestcentral_prod-s01-010-eur-germanywestcentral;migrationStage=NotStarted}
{"logTime": "0524/195101", "correlationVector":"L1yP8Ih+neyUiMZjkkC77r.1","action":"SyncServerConnectionManagerRequest", "result":"SYNC_SERVER_OK", "context":{"environment":"Prod_germanywestcentral_prod-s01-010-eur-germanywestcentral", "migrationStage":"NotStarted", "server":"akswtt002000007"}}
{"logTime": "0524/195101", "correlationVector":"L1yP8Ih+neyUiMZjkkC77r.2","action":"ProcessGetUpdates", "result":"Done", "context":{"dataType":"Encryption Keys", "deleted":"0", "process_failed_to_decrypt":"0", "process_pending_decryption":"0", "process_success":"1", "total":"1"}}
{"logTime": "0524/195102", "correlationVector":"x+wvTaiUfQeOwBXB+FgwWi","action":"SyncServerConnectionManagerRequest", "result":"SYNC_SERVER_OK", "context":{"environment":"", "migrationStage":"", "server":""}}
{"logTime": "0524/195102", "correlationVector":"x+wvTaiUfQeOwBXB+FgwWi.0","action":"EncryptionKeysFetcher.DownloadKeys:", "result":"Success", "context":Key count: 5, Last key timestamp: 2025-12-19T20:51:02Z}
{"logTime": "0524/195102", "correlationVector":"x+wvTaiUfQeOwBXB+FgwWi.1","action":"EncryptionKeysManager::SetEncryptionKeys:", "result":"Success", "context":Key names[5]:[JzXSw2wy9bEu5zeFcYHcjdu3J+TG0XsumeyhEFI2n/f1iqEgtxyW3LVExyr5smdQPCHLFFlllcPF9LPsuILelg==][rh01GkAeWzqJISZllh69G+ip4mAhXB9BU/XN79nFF3DJPVipzdZoLn0710PIr1zUkxnkx6jaoT9zFbunW66qvw==][d+duIp0edHSh4NrPeXAPnrrdSTm7esqbAdpJ/z0nTTFngFo88QFYgRiqVNb5pBea64eTPDZbEGNp/lZtW0eneg==][nxeamRTa0mbs3l+thq+8jXY4ZdWBMEluY1Z05qXowtlLQ3BszTzMMWIx+X9UgsptDwIP8rAtYyHJItJWw6Rp4g==][MU6ihdMuiXycvSESYhRYRbBUMJjWyLMQsjHxlfn9FALk4+0+nUYe6i9t/J0W1xTgGGc3JRdjrzW5Y/M8kEU9GQ==]}
{"logTime": "0524/195102", "correlationVector":"x+wvTaiUfQeOwBXB+FgwWi.2","action":"EncryptionKeysManager::SetEncryptionKeysWithTimestamps:", "result":"Success", "context":Key timestamps[5]:[2023-08-22T19:50:21Z][2024-02-27T20:02:29Z][2024-08-20T19:03:05Z][2025-02-17T20:19:10Z][2025-12-19T20:51:02Z]}
{"logTime": "0524/195102", "correlationVector":"L1yP8Ih+neyUiMZjkkC77r","action":"Initial GetUpdates", "result":"", "context":Reason: NEW_CLIENT. cV=L1yP8Ih+neyUiMZjkkC77r}
{"logTime": "0524/195102", "correlationVector":"L1yP8Ih+neyUiMZjkkC77r.3","action":"GetUpdates Response", "result":"Success", "context":Received 1 update(s). cV=L1yP8Ih+neyUiMZjkkC77r.0;server=akswtt002000007;cloudType=Consumer;environment=Prod_germanywestcentral_prod-s01-010-eur-germanywestcentral;migrationStage=NotStarted}
{"logTime": "0524/195102", "correlationVector":"mrKCbQ8wAGS5U+frGc6jJF","action":"Initial GetUpdates", "result":"", "context":Reason: NEWLY_SUPPORTED_DATATYPE. cV=mrKCbQ8wAGS5U+frGc6jJF}
{"logTime": "0524/195102", "correlationVector":"mrKCbQ8wAGS5U+frGc6jJF.1","action":"SyncServerConnectionManagerRequest", "result":"SYNC_SERVER_OK", "context":{"environment":"Prod_germanywestcentral_prod-s01-010-eur-germanywestcentral", "migrationStage":"NotStarted", "server":"akswtt002000005"}}
{"logTime": "0524/195102", "correlationVector":"mrKCbQ8wAGS5U+frGc6jJF.2","action":"ProcessGetUpdates", "result":"Done", "context":{"dataType":"Passwords", "deleted":"0", "process_failed_to_decrypt":"0", "process_pending_decryption":"0", "process_success":"6", "total":"6"}}
{"logTime": "0524/195102", "correlationVector":"mrKCbQ8wAGS5U+frGc6jJF.3","action":"GetUpdates Response", "result":"Success", "context":Received 6 update(s). cV=mrKCbQ8wAGS5U+frGc6jJF.0;server=akswtt002000005;cloudType=Consumer;environment=Prod_germanywestcentral_prod-s01-010-eur-germanywestcentral;migrationStage=NotStarted}
{"logTime": "0524/195102", "correlationVector":"82pitYiCfu2DSdVMprnku8","action":"Normal GetUpdate request", "result":"", "context":cV=82pitYiCfu2DSdVMprnku8
Nudged types: Sessions, History
Refresh requested types: Bookmarks, Preferences, Passwords, Autofill Profiles, Autofill, Extensions, Sessions, Extension settings, History Delete Directives, Device Info, User Consents, Send Tab To Self, Web Apps, History, Saved Tab Group, WebAuthn Credentials, Collection, Edge E Drop, Edge Hub App Usage, Edge Wallet, Edge Workspace, Encryption Keys}
{"logTime": "0524/195102", "correlationVector":"82pitYiCfu2DSdVMprnku8.1","action":"SyncServerConnectionManagerRequest", "result":"SYNC_SERVER_OK", "context":{"environment":"Prod_germanywestcentral_prod-s01-010-eur-germanywestcentral", "migrationStage":"NotStarted", "server":"akswtt00200000g"}}
{"logTime": "0524/195102", "correlationVector":"82pitYiCfu2DSdVMprnku8.2","action":"GetUpdates Response", "result":"Success", "context":Received 0 update(s). cV=82pitYiCfu2DSdVMprnku8.0;server=akswtt00200000g;cloudType=Consumer;environment=Prod_germanywestcentral_prod-s01-010-eur-germanywestcentral;migrationStage=NotStarted}
{"logTime": "0524/195102", "correlationVector":"OfMgT4F1Qwli79eegwUj/z","action":"Commit Request", "result":"", "context":Item count: 3
Contributing types: Sessions, History}
{"logTime": "0524/195102", "correlationVector":"OfMgT4F1Qwli79eegwUj/z.1","action":"SyncServerConnectionManagerRequest", "result":"SYNC_SERVER_OK", "context":{"environment":"Prod_germanywestcentral_prod-s01-010-eur-germanywestcentral", "migrationStage":"NotStarted", "server":"akswtt002000007"}}
{"logTime": "0524/195102", "correlationVector":"OfMgT4F1Qwli79eegwUj/z.2","action":"Commit Response", "result":"Success", "context":Result: Success. cV=OfMgT4F1Qwli79eegwUj/z.0;server=akswtt002000007;cloudType=Consumer;environment=Prod_germanywestcentral_prod-s01-010-eur-germanywestcentral;migrationStage=NotStarted}
{"logTime": "0524/195202", "correlationVector":"F94NVewUtpjf4TZqNYZrri","action":"Commit Request", "result":"", "context":Item count: 2
Contributing types: Sessions, History}
{"logTime": "0524/195203", "correlationVector":"F94NVewUtpjf4TZqNYZrri.1","action":"SyncServerConnectionManagerRequest", "result":"SYNC_SERVER_OK", "context":{"environment":"Prod_germanywestcentral_prod-s01-010-eur-germanywestcentral", "migrationStage":"NotStarted", "server":"akswtt002000005"}}
{"logTime": "0524/195203", "correlationVector":"F94NVewUtpjf4TZqNYZrri.2","action":"Commit Response", "result":"Success", "context":Result: Success. cV=F94NVewUtpjf4TZqNYZrri.0;server=akswtt002000005;cloudType=Consumer;environment=Prod_germanywestcentral_prod-s01-010-eur-germanywestcentral;migrationStage=NotStarted}
{"logTime": "0524/195401", "correlationVector":"+y0UHTjie1b+4XMngrQ/vG","action":"Commit Request", "result":"", "context":Item count: 1
Contributing types: History}
{"logTime": "0524/195401", "correlationVector":"+y0UHTjie1b+4XMngrQ/vG.1","action":"SyncServerConnectionManagerRequest", "result":"SYNC_SERVER_OK", "context":{"environment":"Prod_germanywestcentral_prod-s01-010-eur-germanywestcentral", "migrationStage":"NotStarted", "server":"akswtt002000005"}}
{"logTime": "0524/195401", "correlationVector":"+y0UHTjie1b+4XMngrQ/vG.2","action":"Commit Response", "result":"Success", "context":Result: Success. cV=+y0UHTjie1b+4XMngrQ/vG.0;server=akswtt002000005;cloudType=Consumer;environment=Prod_germanywestcentral_prod-s01-010-eur-germanywestcentral;migrationStage=NotStarted}
{"logTime": "0524/195700", "correlationVector":"G45V0M7WKwbhUW+KYsZi8c","action":"Commit Request", "result":"", "context":Item count: 1
Contributing types: Sessions}
{"logTime": "0524/195700", "correlationVector":"G45V0M7WKwbhUW+KYsZi8c.1","action":"SyncServerConnectionManagerRequest", "result":"SYNC_SERVER_OK", "context":{"environment":"Prod_germanywestcentral_prod-s01-010-eur-germanywestcentral", "migrationStage":"NotStarted", "server":"akswtt00200000s"}}
{"logTime": "0524/195700", "correlationVector":"G45V0M7WKwbhUW+KYsZi8c.2","action":"Commit Response", "result":"Success", "context":Result: Success. cV=G45V0M7WKwbhUW+KYsZi8c.0;server=akswtt00200000s;cloudType=Consumer;environment=Prod_germanywestcentral_prod-s01-010-eur-germanywestcentral;migrationStage=NotStarted}
